#
# There is insufficient memory for the Java Runtime Environment to continue.
# Native memory allocation (mmap) failed to map 2147483648 bytes. Error detail: G1 virtual space
# Possible reasons:
#   The system is out of physical RAM or swap space
#   This process is running with CompressedOops enabled, and the Java Heap may be blocking the growth of the native heap
# Possible solutions:
#   Reduce memory load on the system
#   Increase physical memory or swap space
#   Check if swap backing store is full
#   Decrease Java heap size (-Xmx/-Xms)
#   Decrease number of Java threads
#   Decrease Java thread stack sizes (-Xss)
#   Set larger code cache with -XX:ReservedCodeCacheSize=
#   JVM is running with Zero Based Compressed Oops mode in which the Java heap is
#     placed in the first 32GB address space. The Java Heap base address is the
#     maximum limit for the native heap growth. Please use -XX:HeapBaseMinAddress
#     to set the Java Heap base and to place the Java Heap above 32GB virtual address.
# This output file may be truncated or incomplete.
#
#  Out of Memory Error (os_windows.cpp:3717), pid=2768, tid=14412
#
# JRE version:  (21.0.11+10) (build )
# Java VM: OpenJDK 64-Bit Server VM (21.0.11+10-LTS, mixed mode, sharing, tiered, compressed oops, compressed class ptrs, g1 gc, windows-amd64)
# No core dump will be written. Minidumps are not enabled by default on client versions of Windows
#

---------------  S U M M A R Y ------------

Command Line: -XX:+UseG1GC -XX:MaxGCPauseMillis=200 -Xms2g -Xmx4g -Dfile.encoding=UTF-8 -Duser.country=PH -Duser.language=en -Duser.variant tank1990.Game

Host: 11th Gen Intel(R) Core(TM) i5-1135G7 @ 2.40GHz, 8 cores, 7G,  Windows 11 , 64 bit Build 26100 (10.0.26100.8246)
Time: Wed May 13 15:06:07 2026 Malay Peninsula Standard Time elapsed time: 1.036885 seconds (0d 0h 0m 1s)

---------------  T H R E A D  ---------------

Current thread (0x000001e618651940):  JavaThread "Unknown thread" [_thread_in_vm, id=14412, stack(0x00000023e2a00000,0x00000023e2b00000) (1024K)]

Stack: [0x00000023e2a00000,0x00000023e2b00000]
Native frames: (J=compiled Java code, j=interpreted, Vv=VM code, C=native code)
V  [jvm.dll+0x6e0429]  (no source info available)
V  [jvm.dll+0x8c057b]  (no source info available)
V  [jvm.dll+0x8c2b0a]  (no source info available)
V  [jvm.dll+0x8c31e3]  (no source info available)
V  [jvm.dll+0x28ac66]  (no source info available)
V  [jvm.dll+0x6df8d5]  (no source info available)
V  [jvm.dll+0x6d36aa]  (no source info available)
V  [jvm.dll+0x367b8e]  (no source info available)
V  [jvm.dll+0x36fa5b]  (no source info available)
V  [jvm.dll+0x3c1539]  (no source info available)
V  [jvm.dll+0x3c17db]  (no source info available)
V  [jvm.dll+0x33b447]  (no source info available)
V  [jvm.dll+0x33bf8b]  (no source info available)
V  [jvm.dll+0x88aaae]  (no source info available)
V  [jvm.dll+0x3ce491]  (no source info available)
V  [jvm.dll+0x8739bc]  (no source info available)
V  [jvm.dll+0x4620a1]  (no source info available)
V  [jvm.dll+0x463ce1]  (no source info available)
C  [jli.dll+0x52f8]  (no source info available)
C  [ucrtbase.dll+0x37b0]  (no source info available)
C  [KERNEL32.DLL+0x2e8d7]  (no source info available)
C  [ntdll.dll+0x8c3fc]  (no source info available)


---------------  P R O C E S S  ---------------

Threads class SMR info:
_java_thread_list=0x00007ffca5a97288, length=0, elements={
}

Java Threads: ( => current thread )
Total: 0

Other Threads:
  0x000001e61aa72ec0 WorkerThread "GC Thread#0"                     [id=24504, stack(0x00000023e2b00000,0x00000023e2c00000) (1024K)]
  0x000001e61aa83eb0 ConcurrentGCThread "G1 Main Marker"            [id=7348, stack(0x00000023e2c00000,0x00000023e2d00000) (1024K)]
  0x000001e61aa85840 WorkerThread "G1 Conc#0"                       [id=6976, stack(0x00000023e2d00000,0x00000023e2e00000) (1024K)]

[error occurred during error reporting (printing all threads), id 0xc0000005, EXCEPTION_ACCESS_VIOLATION (0xc0000005) at pc=0x00007ffca518df07]
VM state: not at safepoint (not fully initialized)

VM Mutex/Monitor currently owned by a thread:  ([mutex/lock_event])
[0x00007ffca5b0b9b0] Heap_lock - owner thread: 0x000001e618651940

Heap address: 0x0000000700000000, size: 4096 MB, Compressed Oops mode: Zero based, Oop shift amount: 3

CDS archive(s) mapped at: [0x0000000000000000-0x0000000000000000-0x0000000000000000), size 0, SharedBaseAddress: 0x0000000800000000, ArchiveRelocationMode: 1.
Narrow klass base: 0x0000000000000000, Narrow klass shift: 0, Narrow klass range: 0x0

GC Precious Log:
 CardTable entry size: 512
 Card Set container configuration: InlinePtr #cards 4 size 8 Array Of Cards #cards 16 size 48 Howl #buckets 8 coarsen threshold 3686 Howl Bitmap #cards 512 size 80 coarsen threshold 460 Card regions per heap region 1 cards per card region 4096

Heap:
 garbage-first heap   total 0K, used 0K [0x0000000700000000, 0x0000000800000000)
  region size 2048K, 0 young (0K), 0 survivors (0K)

[error occurred during error reporting (printing heap information), id 0xc0000005, EXCEPTION_ACCESS_VIOLATION (0xc0000005) at pc=0x00007ffca557d3c9]
GC Heap History (0 events):
No events

Dll operation events (1 events):
Event: 0.018 Loaded shared library C:\Program Files\Microsoft\jdk-21.0.11.10-hotspot\bin\java.dll

Deoptimization events (0 events):
No events

Classes loaded (0 events):
No events

Classes unloaded (0 events):
No events

Classes redefined (0 events):
No events

Internal exceptions (0 events):
No events

ZGC Phase Switch (0 events):
No events

VM Operations (0 events):
No events

Memory protections (0 events):
No events

Nmethod flushes (0 events):
No events

Events (0 events):
No events


Dynamic libraries:
0x00007ff7f9780000 - 0x00007ff7f978e000 	C:\Program Files\Microsoft\jdk-21.0.11.10-hotspot\bin\java.exe
0x00007ffd5f2e0000 - 0x00007ffd5f547000 	C:\WINDOWS\SYSTEM32\ntdll.dll
0x00007ffd5e500000 - 0x00007ffd5e5c9000 	C:\WINDOWS\System32\KERNEL32.DLL
0x00007ffd5c080000 - 0x00007ffd5c474000 	C:\WINDOWS\System32\KERNELBASE.dll
0x00007ffd5bd20000 - 0x00007ffd5be6b000 	C:\WINDOWS\System32\ucrtbase.dll
0x00007ffd3e970000 - 0x00007ffd3e98e000 	C:\Program Files\Microsoft\jdk-21.0.11.10-hotspot\bin\VCRUNTIME140.dll
0x00007ffd3d6d0000 - 0x00007ffd3d6e8000 	C:\Program Files\Microsoft\jdk-21.0.11.10-hotspot\bin\jli.dll
0x00007ffd5e960000 - 0x00007ffd5eb25000 	C:\WINDOWS\System32\USER32.dll
0x00007ffd5c480000 - 0x00007ffd5c4a7000 	C:\WINDOWS\System32\win32u.dll
0x00007ffd42ca0000 - 0x00007ffd42f33000 	C:\WINDOWS\WinSxS\amd64_microsoft.windows.common-controls_6595b64144ccf1df_6.0.26100.8115_none_3e075c82e3354f9c\COMCTL32.dll
0x00007ffd5d860000 - 0x00007ffd5d88b000 	C:\WINDOWS\System32\GDI32.dll
0x00007ffd5e450000 - 0x00007ffd5e4f9000 	C:\WINDOWS\System32\msvcrt.dll
0x00007ffd5c4b0000 - 0x00007ffd5c5db000 	C:\WINDOWS\System32\gdi32full.dll
0x00007ffd5bc70000 - 0x00007ffd5bd13000 	C:\WINDOWS\System32\msvcp_win.dll
0x00007ffd5d890000 - 0x00007ffd5d8c2000 	C:\WINDOWS\System32\IMM32.DLL
0x00007ffd3d630000 - 0x00007ffd3d63c000 	C:\Program Files\Microsoft\jdk-21.0.11.10-hotspot\bin\vcruntime140_1.dll
0x00007ffd1d700000 - 0x00007ffd1d789000 	C:\Program Files\Microsoft\jdk-21.0.11.10-hotspot\bin\msvcp140.dll
0x00007ffca4e40000 - 0x00007ffca5bee000 	C:\Program Files\Microsoft\jdk-21.0.11.10-hotspot\bin\server\jvm.dll
0x00007ffd5db40000 - 0x00007ffd5dbf6000 	C:\WINDOWS\System32\ADVAPI32.dll
0x00007ffd5d0e0000 - 0x00007ffd5d187000 	C:\WINDOWS\System32\sechost.dll
0x00007ffd5e080000 - 0x00007ffd5e198000 	C:\WINDOWS\System32\RPCRT4.dll
0x00007ffd5d790000 - 0x00007ffd5d810000 	C:\WINDOWS\System32\WS2_32.dll
0x00007ffd5ba10000 - 0x00007ffd5ba6e000 	C:\WINDOWS\SYSTEM32\POWRPROF.dll
0x00007ffd4c8a0000 - 0x00007ffd4c8ab000 	C:\WINDOWS\SYSTEM32\VERSION.dll
0x00007ffd42ae0000 - 0x00007ffd42b16000 	C:\WINDOWS\SYSTEM32\WINMM.dll
0x00007ffd5b9f0000 - 0x00007ffd5ba04000 	C:\WINDOWS\SYSTEM32\UMPDC.dll
0x00007ffd5a940000 - 0x00007ffd5a95b000 	C:\WINDOWS\SYSTEM32\kernel.appcore.dll
0x00007ffd3d620000 - 0x00007ffd3d62a000 	C:\Program Files\Microsoft\jdk-21.0.11.10-hotspot\bin\jimage.dll
0x00007ffd59ac0000 - 0x00007ffd59d02000 	C:\WINDOWS\SYSTEM32\DBGHELP.DLL
0x00007ffd5e5d0000 - 0x00007ffd5e952000 	C:\WINDOWS\System32\combase.dll
0x00007ffd5da60000 - 0x00007ffd5db38000 	C:\WINDOWS\System32\OLEAUT32.dll
0x00007ffd32160000 - 0x00007ffd3219b000 	C:\WINDOWS\SYSTEM32\dbgcore.DLL
0x00007ffd5cfc0000 - 0x00007ffd5d065000 	C:\WINDOWS\System32\bcryptPrimitives.dll
0x00007ffd31c30000 - 0x00007ffd31c51000 	C:\Program Files\Microsoft\jdk-21.0.11.10-hotspot\bin\java.dll

JVMTI agents: none

dbghelp: loaded successfully - version: 4.0.5 - missing functions: none
symbol engine: initialized successfully - sym options: 0x614 - pdb path: .;C:\Program Files\Microsoft\jdk-21.0.11.10-hotspot\bin;C:\WINDOWS\SYSTEM32;C:\WINDOWS\WinSxS\amd64_microsoft.windows.common-controls_6595b64144ccf1df_6.0.26100.8115_none_3e075c82e3354f9c;C:\Program Files\Microsoft\jdk-21.0.11.10-hotspot\bin\server

VM Arguments:
jvm_args: -XX:+UseG1GC -XX:MaxGCPauseMillis=200 -Xms2g -Xmx4g -Dfile.encoding=UTF-8 -Duser.country=PH -Duser.language=en -Duser.variant 
java_command: tank1990.Game
java_class_path (initial): C:\Users\ASUS\Desktop\tankgame\cmsc137-tankgame\project\build\classes\java\main;C:\Users\ASUS\Desktop\tankgame\cmsc137-tankgame\project\build\resources\main;C:\Users\ASUS\.gradle\caches\modules-2\files-2.1\org.ini4j\ini4j\0.5.4\4a3ee4146a90c619b20977d65951825f5675b560\ini4j-0.5.4.jar
Launcher Type: SUN_STANDARD

[Global flags]
     intx CICompilerCount                          = 4                                         {product} {ergonomic}
     uint ConcGCThreads                            = 2                                         {product} {ergonomic}
     uint G1ConcRefinementThreads                  = 8                                         {product} {ergonomic}
   size_t G1HeapRegionSize                         = 2097152                                   {product} {ergonomic}
    uintx GCDrainStackTargetSize                   = 64                                        {product} {ergonomic}
   size_t InitialHeapSize                          = 2147483648                                {product} {command line}
   size_t MarkStackSize                            = 4194304                                   {product} {ergonomic}
    uintx MaxGCPauseMillis                         = 200                                       {product} {command line}
   size_t MaxHeapSize                              = 4294967296                                {product} {command line}
   size_t MinHeapDeltaBytes                        = 2097152                                   {product} {ergonomic}
   size_t MinHeapSize                              = 2147483648                                {product} {command line}
    uintx NonNMethodCodeHeapSize                   = 5839372                                {pd product} {ergonomic}
    uintx NonProfiledCodeHeapSize                  = 122909434                              {pd product} {ergonomic}
    uintx ProfiledCodeHeapSize                     = 122909434                              {pd product} {ergonomic}
    uintx ReservedCodeCacheSize                    = 251658240                              {pd product} {ergonomic}
     bool SegmentedCodeCache                       = true                                      {product} {ergonomic}
   size_t SoftMaxHeapSize                          = 4294967296                             {manageable} {ergonomic}
     bool UseCompressedOops                        = true                           {product lp64_product} {ergonomic}
     bool UseG1GC                                  = true                                      {product} {command line}
     bool UseLargePagesIndividualAllocation        = false                                  {pd product} {ergonomic}

Logging:
Log output configuration:
 #0: stdout all=warning uptime,level,tags foldmultilines=false
 #1: stderr all=off uptime,level,tags foldmultilines=false

Release file:
<release file has not been read>
Environment Variables:
JAVA_HOME=C:\Program Files\Microsoft\jdk-21.0.11.10-hotspot\
CLASSPATH=C:\Users\ASUS\Desktop\tankgame\cmsc137-tankgame\project\\gradle\wrapper\gradle-wrapper.jar
PATH=C:\Program Files\Microsoft\jdk-21.0.11.10-hotspot\bin;C:\Program Files\AdoptOpenJDK\jdk-8.0.292.10-hotspot\bin;C:\Program Files (x86)\Common Files\Oracle\Java\java8path;C:\Program Files (x86)\Common Files\Oracle\Java\javapath;C:\WINDOWS\system32;C:\WINDOWS;C:\WINDOWS\System32\Wbem;C:\WINDOWS\System32\WindowsPowerShell\v1.0\;C:\WINDOWS\System32\OpenSSH\;C:\eda\gtkwave64\bin;C:\eda\GHDL\mingw32\bin;C:\Users\ASUS\AppData\Local\Programs\MiKTeX\miktex\bin;C:\Program Files\nodejs\;C:\Program Files\Git\cmd;C:\Program Files\Docker\Docker\resources\bin;C:\Program Files\Gpg4win\..\GnuPG\bin;C:\Users\ASUS\AppData\Local\Programs\Python\Python313\Scripts\;C:\Users\ASUS\AppData\Local\Programs\Python\Python313\;C:\Users\ASUS\AppData\Local\Programs\Python\Launcher\;C:\Users\ASUS\AppData\Local\Microsoft\WindowsApps;C:\Users\ASUS\Documents\ACADS\CMSC 132\ghdl-MINGW32\GHDL\bin;\\wsl.localhost\Ubuntu\usr\bin;C:\Users\ASUS\AppData\Local\Programs\Microsoft VS Code\bin;C:\x86_64-8.1.0-release-posix-seh-rt_v6-rev0\mingw64\bin;C:\Users\ASUS\Documents\ACADS\mingw-w64-i686-ghdl-mcode-ci-1-any.pkg (1)\mingw32\bin;C:\eda\GHDL\bin;C:\Users\ASUS\AppData\Local\Programs\MiKTeX\miktex\bin\x64\;C:\Users\ASUS\AppData\Roaming\npm;C:\Users\ASUS\AppData\Local\Microsoft\WindowsApps\python3.exe;C:\Users\ASUS\AppData\Local\Programs\Antigravity\bin;c:\Users\ASUS\.antigravity\extensions\vscjava.vscode-java-debug-0.59.0-universal\bundled\scripts\noConfigScripts
USERNAME=ASUS
LANG=en_US.UTF-8
OS=Windows_NT
PROCESSOR_IDENTIFIER=Intel64 Family 6 Model 140 Stepping 1, GenuineIntel
TMP=C:\Users\ASUS\AppData\Local\Temp
TEMP=C:\Users\ASUS\AppData\Local\Temp




Periodic native trim disabled

---------------  S Y S T E M  ---------------

OS:
 Windows 11 , 64 bit Build 26100 (10.0.26100.8246)
OS uptime: 0 days 3:11 hours
Hyper-V role detected

CPU: total 8 (initial active 8) (4 cores per cpu, 2 threads per core) family 6 model 140 stepping 1 microcode 0xa6, cx8, cmov, fxsr, ht, mmx, 3dnowpref, sse, sse2, sse3, ssse3, sse4.1, sse4.2, popcnt, lzcnt, tsc, tscinvbit, avx, avx2, aes, erms, clmul, bmi1, bmi2, adx, avx512f, avx512dq, avx512cd, avx512bw, avx512vl, sha, fma, vzeroupper, avx512_vpopcntdq, avx512_vpclmulqdq, avx512_vaes, avx512_vnni, clflush, clflushopt, clwb, avx512_vbmi2, avx512_vbmi, hv, rdtscp, rdpid, fsrm, gfni, avx512_bitalg, f16c, cet_ibt, cet_ss, avx512_ifma
Processor Information for the first 8 processors :
  Max Mhz: 2419, Current Mhz: 2419, Mhz Limit: 2419

Memory: 4k page, system-wide physical 7886M (576M free)
TotalPageFile size 24895M (AvailPageFile size 2046M)
current process WorkingSet (physical memory assigned to process): 13M, peak: 13M
current process commit charge ("private bytes"): 60M, peak: 2112M

vm_info: OpenJDK 64-Bit Server VM (21.0.11+10-LTS) for windows-amd64 JRE (21.0.11+10-LTS), built on 2026-04-18T18:13:49Z by "MicrosoftCorporation" with MS VC++ 17.14 (VS2022)

END.
